2026-05-29 03:30:31 - preprocess: loaded /home/mjales/Feature-Selection-with-ILP/sandbox/output_20260529_032719/cluster_1/padtai_input.csv size=33159 bytes
2026-05-29 03:30:31 - preprocess: shape before dropna: (500, 31)
2026-05-29 03:30:31 - preprocess: dtypes before: {'intent_android_intent_action_PACKAGE_ADDED': dtype('int64'), 'intent_android_net_conn_CONNECTIVITY_CHANGE': dtype('int64'), 'perm_android_permission_MOUNT_UNMOUNT_FILESYSTEMS': dtype('int64'), 'suspicious_getSubscriberId': dtype('int64'), 'suspicious_sendTextMessage': dtype('int64'), 'perm_android_permission_GET_TASKS': dtype('int64'), 'intent_android_intent_action_ACTION_POWER_CONNECTED': dtype('int64'), 'intent_android_intent_action_ACTION_POWER_DISCONNECTED': dtype('int64'), 'perm_com_android_launcher_permission_INSTALL_SHORTCUT': dtype('int64'), 'perm_android_permission_ACCESS_COARSE_LOCATION': dtype('int64'), 'intent_com_google_firebase_INSTANCE_ID_EVENT': dtype('int64'), 'perm_android_permission_WRITE_EXTERNAL_STORAGE': dtype('int64'), 'perm_android_permission_ACCESS_WIFI_STATE': dtype('int64'), 'perm_android_permission_SYSTEM_ALERT_WINDOW': dtype('int64'), 'suspicious_Ldalvik_system_PathClassLoader_': dtype('int64'), 'intent_android_intent_action_DOWNLOAD_COMPLETE': dtype('int64'), 'perm_android_permission_READ_LOGS': dtype('int64'), 'perm_com_android_launcher_permission_UNINSTALL_SHORTCUT': dtype('int64'), 'perm_android_permission_NFC': dtype('int64'), 'n_providers': dtype('int64'), 'perm_android_permission_SEND_SMS': dtype('int64'), 'perm_android_webkit_permission_PLUGIN': dtype('int64'), 'perm_android_permission_GET_PACKAGE_SIZE': dtype('int64'), 'intent_android_net_wifi_WIFI_STATE_CHANGED': dtype('int64'), 'intent_com_android_vending_INSTALL_REFERRER': dtype('int64'), 'n_services': dtype('int64'), 'perm_android_permission_RESTART_PACKAGES': dtype('int64'), 'perm_android_permission_KILL_BACKGROUND_PROCESSES': dtype('int64'), 'n_urls': dtype('int64'), 'n_api_calls': dtype('int64'), 'label': dtype('int64')}
2026-05-29 03:30:31 - preprocess: shape after dropna: (500, 31)
2026-05-29 03:30:31 - preprocess: rename_map sample: {'intent_android_intent_action_PACKAGE_ADDED': 'intent_android_intent_action_PACKAGE_ADDED', 'intent_android_net_conn_CONNECTIVITY_CHANGE': 'intent_android_net_conn_CONNECTIVITY_CHANGE', 'perm_android_permission_MOUNT_UNMOUNT_FILESYSTEMS': 'perm_android_permission_MOUNT_UNMOUNT_FILESYSTEMS', 'suspicious_getSubscriberId': 'suspicious_getSubscriberId', 'suspicious_sendTextMessage': 'suspicious_sendTextMessage', 'perm_android_permission_GET_TASKS': 'perm_android_permission_GET_TASKS', 'intent_android_intent_action_ACTION_POWER_CONNECTED': 'intent_android_intent_action_ACTION_POWER_CONNECTED', 'intent_android_intent_action_ACTION_POWER_DISCONNECTED': 'intent_android_intent_action_ACTION_POWER_DISCONNECTED', 'perm_com_android_launcher_permission_INSTALL_SHORTCUT': 'perm_com_android_launcher_permission_INSTALL_SHORTCUT', 'perm_android_permission_ACCESS_COARSE_LOCATION': 'perm_android_permission_ACCESS_COARSE_LOCATION'}
2026-05-29 03:30:31 - preprocess: wrote sample to padtai_input.sample.csv, sha256=08ba2b55eb4bc92b6a0b9dfd3b9e932a987827da68ff57a850b32736e7d855ae
2026-05-29 03:30:31 - running PADTAI cmd: python3 /home/mjales/Feature-Selection-with-ILP/PADTAI/padtai.py /home/mjales/Feature-Selection-with-ILP/sandbox/output_20260529_032719/cluster_1/padtai_input.prepared.csv --out /home/mjales/Feature-Selection-with-ILP/sandbox/output_20260529_032719/cluster_1/padtai_output
2026-05-29 03:30:31 - PADTAI cwd: /home/mjales/Feature-Selection-with-ILP/PADTAI
2026-05-29 03:30:31 - intcols: auto
2026-05-29 03:33:12 - PADTAI returncode: 0
2026-05-29 03:33:12 - PADTAI elapsed: 161.20s
2026-05-29 03:33:12 - PADTAI stdout (truncated 1024 chars):
label(V0,V1):- attr_n_providers_3(V3),attr_perm_android_permission_access_coarse_location_0(V2),attr_label_1(V1),perm_android_permission_access_coarse_location(V0,V2),n_providers(V0,V3).
1
frozenbitarray('000000000000000000000000000001000000000000000000000000000000000000000000000000000000000000000000000')
True
label(V0,V1):- attr_intent_android_net_conn_connectivity_change_1(V3),intent_android_net_conn_connectivity_change(V0,V3),attr_perm_android_permission_access_coarse_location_0(V2),attr_label_1(V1),perm_android_permission_access_coarse_location(V0,V2).
1
frozenbitarray('000000000000000000000000001000000000000000000000000000000000000000000000000000000000000000000000000')
True
label(V0,V1):- attr_n_services_0(V3),n_services(V0,V3),attr_n_providers_1(V2),n_providers(V0,V2),attr_label_1(V1).
1
frozenbitarray('000000000000000000000000001000000000000000000000000000000000000000000000000000000000000000000000000')
True
label(V0,V1):- attr_n_services_0(V3),n_services(V0,V3),perm_android_permission_access_wifi_state
2026-05-29 03:33:12 - PADTAI stderr (truncated 4096 chars):
/home/mjales/miniconda3/envs/malware-ilp/lib/python3.11/site-packages/popper/tester.py:3: UserWarning: pkg_resources is deprecated as an API. See https://setuptools.pypa.io/en/latest/pkg_resources.html. The pkg_resources package is slated for removal as early as 2025-11-30. Refrain from using this package or pin to Setuptools<81.
  import pkg_resources

2026-05-29 03:33:12 - extracted 57 rules
2026-05-29 03:33:12 - saved rules JSON to padtai_rules.json
